// Jest Snapshot v1, https://goo.gl/fbAQLP

exports[`Step control renders correctly 1`] = `
<Fragment>
  <h4>
    Optimize
  </h4>
  <GridContainer
    className=""
    container={true}
    spacing={2}
  >
    <GridItem
      className=""
      key="single_step"
      xs={6}
    >
      <p>
        Iterations: 
        0
      </p>
      <ForwardRef
        color="primary"
        id="singe-step"
        onClick={[Function]}
      >
        Single Step
      </ForwardRef>
       
    </GridItem>
    <GridItem
      className=""
      key="auto_update"
      xs={6}
    >
      <p>
        Â 
      </p>
      <WithStyles(ForwardRef(FormControlLabel))
        control={
          <ForwardRef(WithStyles)
            checked={false}
            color="primary"
            onChange={[Function]}
          />
        }
        label="Run for 25 auto iterations"
      />
    </GridItem>
  </GridContainer>
</Fragment>
`;
