// Jest Snapshot v1, https://goo.gl/fbAQLP

exports[`Plot renders correctly renders correctly 1`] = `
<article>
  <WithStyles(ForwardRef(CircularProgress))
    id="loading-plot"
  />
</article>
`;
