// Jest Snapshot v1, https://goo.gl/fbAQLP

exports[`App renders correctly 1`] = `
<div>
  <Header
    brand="SVM Loss Demo"
    changeColorOnScroll={
      Object {
        "color": "white",
        "height": 150,
      }
    }
    color="transparent"
    fixed={true}
    rightLinks={<HeaderLinks />}
    routes={Array []}
  />
  <Parallax
    filter={true}
    image="gray.png"
  >
    <div
      className="makeStyles-container-14"
    >
      <GridContainer
        className=""
      >
        <GridItem
          className=""
          md={6}
          sm={12}
          xs={12}
        >
          <h1
            className="makeStyles-title-15"
          >
            SVM Loss Demo
          </h1>
          <WithStyles(ForwardRef(Typography))
            className="makeStyles-subtitle-16"
            component="p"
            variant="body2"
          >
            This projects implements the visualization of optimization loss for a linear multiclass classifier using Python and Flask. The idea is based on the 
            <b>
              Multiclass Linear Classification Optimization Loss Visualization
            </b>
             
            <a
              href="http://vision.stanford.edu/teaching/cs231n-demos/linear-classify/"
              rel="noopener noreferrer"
              target="_blank"
            >
              web demo
            </a>
             by Justin Johnson. The text below is taken from that demo page as well.
          </WithStyles(ForwardRef(Typography))>
        </GridItem>
      </GridContainer>
    </div>
  </Parallax>
  <div
    className="makeStyles-main-17 makeStyles-mainRaised-18"
  >
    <div
      className="makeStyles-container-14 makeStyles-pt2-3"
    >
      <Demo />
    </div>
  </div>
  <Footer />
  <DevTools />
</div>
`;
