// Jest Snapshot v1, https://goo.gl/fbAQLP

exports[`Demo renders correctly 1`] = `
<Fragment>
  <WithStyles(ForwardRef(Grid))
    alignItems="stretch"
    container={true}
    spacing={3}
  >
    <WithStyles(ForwardRef(Grid))
      item={true}
      xs={12}
    >
      <_default />
    </WithStyles(ForwardRef(Grid))>
    <WithStyles(ForwardRef(Grid))
      container={true}
      item={true}
      spacing={2}
    >
      <WithStyles(ForwardRef(Grid))
        item={true}
        md={7}
        sm={12}
      >
        <Visio />
        <Connect(WithStyles(Hyper)) />
      </WithStyles(ForwardRef(Grid))>
      <WithStyles(ForwardRef(Grid))
        container={true}
        item={true}
        md={5}
        sm={12}
      >
        <WithStyles(ForwardRef(Grid))
          alignItems="stretch"
          container={true}
          direction="column"
          item={true}
          xs={true}
        >
          <WithStyles(ForwardRef(Grid))
            item={true}
            xs={true}
          >
            <Params />
          </WithStyles(ForwardRef(Grid))>
          <WithStyles(ForwardRef(Grid))
            item={true}
            xs={true}
          >
            <Data />
          </WithStyles(ForwardRef(Grid))>
        </WithStyles(ForwardRef(Grid))>
      </WithStyles(ForwardRef(Grid))>
    </WithStyles(ForwardRef(Grid))>
    <WithStyles(ForwardRef(Grid))
      item={true}
      xs={12}
    >
      <WithStyles(ForwardRef(Typography))
        gutterBottom={true}
        variant="subtitle1"
      >
        Copyright Â© SVM Loss 2019
      </WithStyles(ForwardRef(Typography))>
    </WithStyles(ForwardRef(Grid))>
  </WithStyles(ForwardRef(Grid))>
</Fragment>
`;
