// Jest Snapshot v1, https://goo.gl/fbAQLP

exports[`Demo renders correctly 1`] = `
<div
  className="content-wrapper"
>
  <Background />
  <Visualization />
  <Params />
</div>
`;
