// Jest Snapshot v1, https://goo.gl/fbAQLP

exports[`Visualization renders correctly 1`] = `
<MathJaxProvider
  options={
    Object {
      "showMathMenu": false,
      "showMathMenuMSIE": false,
      "tex2jax": Object {
        "inlineMath": Array [],
      },
    }
  }
  script="https://cdnjs.cloudflare.com/ajax/libs/mathjax/2.7.4/MathJax.js?config=TeX-MML-AM_CHTML"
>
  <div
    className="visualization card shadow"
  >
    <div
      className="card-header py-3"
    >
      <h6
        className="m-0 font-weight-bold text-primary"
      >
        Data And Classifier Visualization
      </h6>
    </div>
    <div
      className="card-body"
    >
      <article>
        <p>
          Data points are shown as circles colored by their class (red/green/blue). The background regions are colored by whichever class is most likely at any point according to the current weights.
        </p>
        <p>
          Each classifier is visualized by a line that indicates its zero score level set. For example, the blue classifier computes scores as 
          <MathJaxNode
            formula="W_{0,0}x_0+W_{0,1}x_1+b_0"
            inline={true}
          />
           and the blue line shows the set of points 
          <MathJaxNode
            formula="(x_0,x_1)"
            inline={true}
          />
           that give score of zero. The blue arrow draws the vector 
          <MathJaxNode
            formula="(W_{0,0},W_{0,1})"
            inline={true}
          />
           , which shows the direction of score increase and its length is proportional to how steep the increase is.
        </p>
      </article>
      <article>
        <div
          className="mb-4"
        >
          <img
            alt="Plot"
            className="img-fluid"
            id="plot"
            src="data:image/png;base64,iVBORw0KGgoAAAANSUhEUgAAAAEAAAABCAYAAAAfFcSJAAAADUlEQVR42mP09l5cDwAD3AG60PCC3wAAAABJRU5ErkJggg=="
          />
        </div>
      </article>
      <hr />
    </div>
  </div>
</MathJaxProvider>
`;
